|||TC Admin|TC Admin
|||Material Management.Global.Stadler|Material Analyst
|||R&D.Global.Stadler|Designer
|||R&D.Global.Stadler|Reviewer
|||R&D.Global.Stadler|Approver
|||Bid Packaging.Global.Stadler|Designer
|||Bid Packaging.Global.Stadler|Reviewer
|||Bid Packaging.Global.Stadler|Approver
|||MDM.Global.Stadler|Designer
|||MDM.Global.Stadler|E3-DB Team
|||MDM.Global.Stadler|Business Partner Data Steward
|||MDM.Global.Stadler|Classification Admin
|||MDM.Global.Stadler|Surface Specialist
|||MDM.Global.Stadler|Global Designer
|||Change Management.Global.Stadler|Change Manager
|||Services.Global.Stadler|Designer
|||Services.Global.Stadler|Consumer
|||Welding.Special Processes.Global.Stadler|Reviewer
|||Structural.Special Processes.Global.Stadler|Reviewer
|||Adhesive Bonding.Special Processes.Global.Stadler|Reviewer
|||Business Partner.External.Stadler|Designer
|||Business Partner.External.Stadler|Reviewer
|||Engineering Supplier.External.Stadler|Designer
|||Engineering Supplier.External.Stadler|Reviewer
|||Project Management.Internal.Stadler|Designer
|||Project Management.Internal.Stadler|Reviewer
|||Project Management.Internal.Stadler|Approver
|||Project Management.Internal.Stadler|Project Admin
|||STAP.Manufacturing.Internal.Stadler|Designer
|||STAP.Manufacturing.Internal.Stadler|Consumer
|||MCAD.Engineering.Internal.Stadler|Designer
|||MCAD.Engineering.Internal.Stadler|Reviewer
|||MCAD.Engineering.Internal.Stadler|Approver
|||ECAD.Engineering.Internal.Stadler|Designer
|||ECAD.Engineering.Internal.Stadler|Reviewer
|||ECAD.Engineering.Internal.Stadler|Approver
|||Software.Engineering.Internal.Stadler|Designer
|||Software.Engineering.Internal.Stadler|Reviewer
|||Software.Engineering.Internal.Stadler|Approver
|||Requirements.Engineering.Internal.Stadler|Designer
|||Requirements.Engineering.Internal.Stadler|Reviewer
|||Requirements.Engineering.Internal.Stadler|Approver