Alberto Belenguer|belalb||Manufacturing.Internal.Stadler|Designer|PA9|alberto.belenguer@stadlerrail.com|defaultgroup|Manufacturing.Internal.Stadler|licenselevel|author
Aleksandar Sekulic|sekale||TC Admin|TC Admin|PA9|aleksandar.sekulic@stadlerrail.com|defaultgroup|TC Admin|licenselevel|author
Alvaro Perez|peralv||Manufacturing.Internal.Stadler|Designer|PA9|alvaro.perez@stadlerrail.com|defaultgroup|Manufacturing.Internal.Stadler|licenselevel|author
Andrea Zgraggen|zgrand||TC Admin|TC Admin|PA9|andrea.zgraggen@stadlerrail.com|defaultgroup|TC Admin|licenselevel|author
Andrea Zgraggen|zgrand||MCAD.Engineering.Internal.Stadler|Designer
Angel Fernandez|ferang||Manufacturing.Internal.Stadler|Designer|PA9|angel.fernandez@stadlerrail.com|defaultgroup|Manufacturing.Internal.Stadler|licenselevel|author
Carla Schmidt|schcar||Manufacturing.Internal.Stadler|Designer|PA9|carla.schmidt@stadlerrail.com|defaultgroup|Manufacturing.Internal.Stadler|licenselevel|author
Carmina Bohigas|bohcar||Manufacturing.Internal.Stadler|Designer|PA9|carmina.bohigas@stadlerrail.com|defaultgroup|Manufacturing.Internal.Stadler|licenselevel|author
Christian Autschbach|autchr||Manufacturing.Internal.Stadler|Designer|PA9|christian.autschbach@stadlerrail.com|defaultgroup|Manufacturing.Internal.Stadler|licenselevel|author
Christian Betzenbichler|betchr||Manufacturing.Internal.Stadler|Designer|PA9|christian.betzenbichler@stadlerrail.com|defaultgroup|Manufacturing.Internal.Stadler|licenselevel|author
Christof Inauen|inachr||TC Admin|TC Admin|PA9|christof.inauen@stadlerrail.com|defaultgroup|TC Admin|licenselevel|author
Colin Aeschbacher|aescol||Services.Global.Stadler|Designer|PA9|colin.aeschbacher@stadlerrail.com|defaultgroup|Services.Global.Stadler|licenselevel|author
David Lozano|lozdav||ECAD.Engineering.Internal.Stadler|Designer|PA9|david.lozano@stadlerrail.com|defaultgroup|ECAD.Engineering.Internal.Stadler|licenselevel|author
David Wolter|woldav||Manufacturing.Internal.Stadler|Designer|PA9|david.wolter@stadlerrail.com|defaultgroup|Manufacturing.Internal.Stadler|licenselevel|author
Enric Sabater|sabenr||Manufacturing.Internal.Stadler|Designer|PA9|enric.sabater@stadlerrail.com|defaultgroup|Manufacturing.Internal.Stadler|licenselevel|author
Fernando Güttler|guefer||ECAD.Engineering.Internal.Stadler|Designer|PA9|fernando.guettler@stadlerrail.com|defaultgroup|ECAD.Engineering.Internal.Stadler|licenselevel|author
Frauke Sielaff|siefra||TC Admin|TC Admin
Frauke Sielaff|siefra||Change Management.Global.Stadler|Change Manager
Gregor Zeichart|gzeichar||Change Management.Global.Stadler|Change Manager|PA9|gregor.zeichart@stadlerrail.com|defaultgroup|Change Management.Global.Stadler|licenselevel|author
Guillermo Bruixola|brugui||MCAD.Engineering.Internal.Stadler|Approver|PA9|guillermo.bruixola@stadlerrail.com|defaultgroup|MCAD.Engineering.Internal.Stadler|licenselevel|author
Holger Müßing|hmuessin||MCAD.Engineering.Internal.Stadler|Approver|PA9|holger.muessing@stadlerrail.com |defaultgroup|MCAD.Engineering.Internal.Stadler|licenselevel|author
Ian Traffehn|traian||Manufacturing.Internal.Stadler|Designer|PA9|ian.traffehn@stadlerrail.com|defaultgroup|Manufacturing.Internal.Stadler|licenselevel|author
Javier Blasco|blajav||Project Management.Internal.Stadler|Approver|PA9|javier.blasco@stadlerrail.com|defaultgroup|Project Management.Internal.Stadler|licenselevel|author
Jens Mueller|muejes||MCAD.Engineering.Internal.Stadler|Designer|PA9|jens.mueller2@stadlerrail.com|defaultgroup|MCAD.Engineering.Internal.Stadler|licenselevel|author
Jens Mueller|muejes||MCAD.Engineering.Internal.Stadler|Reviewer
Jens Mueller|muejes||MCAD.Engineering.Internal.Stadler|Approver
José Luis Gomez|gojose||Manufacturing.Internal.Stadler|Designer|PA9|jose-luis.gomez@stadlerrail.com|defaultgroup|Manufacturing.Internal.Stadler|licenselevel|author
Jose-Manuel Pinilla|pinijo||MCAD.Engineering.Internal.Stadler|Approver|PA9|jose-manuel.pinilla@stadlerrail.com|defaultgroup|MCAD.Engineering.Internal.Stadler|licenselevel|author
Juan Fernandez-Garcia|ferjua||Software.Engineering.Internal.Stadler|Approver|PA9|juan.fernandez-garcia@stadlerrail.com|defaultgroup|Software.Engineering.Internal.Stadler|licenselevel|author
Juan Vaño|vanjua||MCAD.Engineering.Internal.Stadler|Approver|PA9|juan.vano@stadlerrail.com|defaultgroup|MCAD.Engineering.Internal.Stadler|licenselevel|author
Juanjo Gomez|gomjua||Manufacturing.Internal.Stadler|Designer|PA9|juanjo.gomez@stadlerrail.com|defaultgroup|Manufacturing.Internal.Stadler|licenselevel|author
Juan-Maria Lazaro|lazjua||Manufacturing.Internal.Stadler|Designer|PA9|juan-maria.lazaro@stadlerrail.com|defaultgroup|Manufacturing.Internal.Stadler|licenselevel|author
Karsten Otto|ottkar||MCAD.Engineering.Internal.Stadler|Designer|PA9|karsten.otto@stadlerrail.com|defaultgroup|MCAD.Engineering.Internal.Stadler|licenselevel|author
Karsten Otto|ottkar||MCAD.Engineering.Internal.Stadler|Reviewer
Karsten Otto|ottkar||MCAD.Engineering.Internal.Stadler|Approver
Kristian Kahl|kkahl||Manufacturing.Internal.Stadler|Designer|PA9|kristian.kahl@stadlerrail.com|defaultgroup|Manufacturing.Internal.Stadler|licenselevel|author
Lars Abendroth|labendro||Services.Global.Stadler|Designer|PA9|lars.abendroth@stadlerrail.com|defaultgroup|Services.Global.Stadler|licenselevel|author
Lucia Rodriguez|rodluc||Manufacturing.Internal.Stadler|Designer|PA9|lucia.rodriguez@stadlerrail.com|defaultgroup|Manufacturing.Internal.Stadler|licenselevel|author
Maid Grbic|grbmai||TC Admin|TC Admin|PA9|maid.grbic@stadlerrail.com|defaultgroup|TC Admin|licenselevel|author
Manuel Sospedra|sosman||Manufacturing.Internal.Stadler|Designer|PA9|manuel.sospedra@stadlerrail.com|defaultgroup|Manufacturing.Internal.Stadler|licenselevel|author
Mar Calvache|calvma||MCAD.Engineering.Internal.Stadler|Approver|PA9|mar.calvache@stadlerrail.com|defaultgroup|MCAD.Engineering.Internal.Stadler|licenselevel|author
Marc Neumann|neumma||Project Management.Internal.Stadler|Approver|PA9|marc.neumann@stadlerrail.com|defaultgroup|Project Management.Internal.Stadler|licenselevel|author
Marc Neumann|neumma||Change Management.Global.Stadler|Change Manager
Marcel Reuter|reumar||Manufacturing.Internal.Stadler|Designer|PA9|marcel.reuter@stadlerrail.com|defaultgroup|Manufacturing.Internal.Stadler|licenselevel|author
Marcus de Nardin|denmar||TC Admin|TC Admin|PA9|marcus.denardin@stadlerrail.com|defaultgroup|TC Admin|licenselevel|author
Markus Widmer|widmar||TC Admin|TC Admin|PA9|markus.widmer@stadlerrail.com|defaultgroup|TC Admin|licenselevel|author
Marta Sabio|sabmar||MCAD.Engineering.Internal.Stadler|Approver|PA9|marta.sabio@stadlerrail.com|defaultgroup|MCAD.Engineering.Internal.Stadler|licenselevel|author
Martin Becker|beckem||TC Admin|TC Admin|PA9|martin.becker@stadlerrail.com|defaultgroup|TC Admin|licenselevel|author
Matthias Scheller|schmat||TC Admin|TC Admin|PA9|matthias.scheller@stadlerrail.com|defaultgroup|TC Admin|licenselevel|author
MCAD Viewer|mcadview||MCAD.Engineering.Internal.Stadler|Consumer|PA9||defaultgroup|MCAD.Engineering.Internal.Stadler|licenselevel|consumer
Michael Pascht|pascmi||TC Admin|TC Admin|PA9|michael.pascht@stadlerrail.com|defaultgroup|TC Admin|licenselevel|author
Miguel Albelda|albmig||MCAD.Engineering.Internal.Stadler|Approver|PA9|miguel.albelda@stadlerrail.com|defaultgroup|MCAD.Engineering.Internal.Stadler|licenselevel|author
Mike Händschel|haemik||Manufacturing.Internal.Stadler|Designer|PA9|mike.haendschel@stadlerrail.com|defaultgroup|Manufacturing.Internal.Stadler|licenselevel|author
Nino Stuber|sn||Services.Global.Stadler|Designer|PA9|nino.stuber@stadlerrail.com|defaultgroup|Services.Global.Stadler|licenselevel|author
Nino Stuber|sn||Change Management.Global.Stadler|Change Manager
Olaf Lemcke|lemola||MCAD.Engineering.Internal.Stadler|Designer|PA9|olaf.lemcke@stadlerrail.com|defaultgroup|MCAD.Engineering.Internal.Stadler|licenselevel|author
Olaf Lemcke|lemola||MCAD.Engineering.Internal.Stadler|Reviewer
Olaf Lemcke|lemola||MCAD.Engineering.Internal.Stadler|Approver
Olaf Lemcke|lemola||Change Management.Global.Stadler|Change Manager
Pedro Navarro|navped||Manufacturing.Internal.Stadler|Designer|PA9|pedro.navarro@stadlerrail.com|defaultgroup|Manufacturing.Internal.Stadler|licenselevel|author
Peter Kaatz|kkaatz||Manufacturing.Internal.Stadler|Designer|PA9|klaus-peter.kaatz@stadlerrail.com|defaultgroup|Manufacturing.Internal.Stadler|licenselevel|author
Peter Sellmaier|selpet||Manufacturing.Internal.Stadler|Designer|PA9|peter.sellmaier@stadlerrail.com|defaultgroup|Manufacturing.Internal.Stadler|licenselevel|author
Prashant Gadekar|gadpra||TC Admin|TC Admin|PA9|prashant.gadekar@stadlerrail.com|defaultgroup|TC Admin|licenselevel|author
Rinaldo Wittkopf|witrin||ECAD.Engineering.Internal.Stadler|Designer|PA9|rinaldo.wittkopf@stadlerrail.com|defaultgroup|ECAD.Engineering.Internal.Stadler|licenselevel|author
Rosa Ten|tenros||TC Admin|TC Admin|PA9|rosa.ten@stadlerrail.com|defaultgroup|TC Admin|licenselevel|author
Shahin Rahmanian|rahsha||MCAD.Engineering.Internal.Stadler|Designer|PA9|shahin.rahmanian@stadlerrail.com|defaultgroup|MCAD.Engineering.Internal.Stadler|licenselevel|author
Shahin Rahmanian|rahsha||MCAD.Engineering.Internal.Stadler|Reviewer
Shahin Rahmanian|rahsha||MCAD.Engineering.Internal.Stadler|Approver
Sophie Rudat|rudsop||MCAD.Engineering.Internal.Stadler|Designer|PA9|sophie.rudat@stadlerrail.com|defaultgroup|MCAD.Engineering.Internal.Stadler|licenselevel|author
Stefan Koch|kocste||Services.Global.Stadler|Designer|PA9|stefan.koch@stadlerrail.com|defaultgroup|Services.Global.Stadler|licenselevel|author
Stefanie Egenhofer|egenst||TC Admin|TC Admin|PA9|stefanie.egenhofer@stadlerrail.com|defaultgroup|TC Admin|licenselevel|author
Stephan Huber|hubest||MDM.Global.Stadler|Designer|PA9|stephan.huber@stadlerrail.com|defaultgroup|MDM.Global.Stadler|licenselevel|author
Stephan Huber|hubest||MDM.Global.Stadler|E3 Admin
Thomas Berger|bethom||TC Admin|TC Admin|PA9|thomas.berger@stadlerrail.com|defaultgroup|TC Admin|licenselevel|author
Thomas Hauschild|hauthm||MCAD.Engineering.Internal.Stadler|Designer|PA9|thomas.hauschild@stadlerrail.com|defaultgroup|MCAD.Engineering.Internal.Stadler|licenselevel|author
Thomas Hauschild|hauthm||MCAD.Engineering.Internal.Stadler|Reviewer
Thomas Hauschild|hauthm||MCAD.Engineering.Internal.Stadler|Approver
Thomas Hauschild|hauthm||Change Management.Global.Stadler|Change Manager
Thomas Miklus|miktho||Manufacturing.Internal.Stadler|Designer|PA9|thomas.miklus@stadlerrail.com|defaultgroup|Manufacturing.Internal.Stadler|licenselevel|author
Thomas Weissenberger|weitho||TC Admin|TC Admin|PA9|thomas.weissenberger@stadlerrail.com|defaultgroup|TC Admin|licenselevel|author
Tina Weissenborn|tweissen||MCAD.Engineering.Internal.Stadler|Designer|PA9|tina.weissenborn@stadlerrail.com|defaultgroup|MCAD.Engineering.Internal.Stadler|licenselevel|author
Tina Weissenborn|tweissen||MCAD.Engineering.Internal.Stadler|Reviewer
Tina Weissenborn|tweissen||MCAD.Engineering.Internal.Stadler|Approver
Vicente Villanueva|vilvic||Manufacturing.Internal.Stadler|Designer|PA9|vicente.villanueva@stadlerrail.com|defaultgroup|Manufacturing.Internal.Stadler|licenselevel|author
Vladan Mladenovic|mlavla||TC Admin|TC Admin|PA9|vladan.mladenovic@stadlerrail.com|defaultgroup|TC Admin|licenselevel|author
Vladan Mladenovic|mlavla||ECAD.Engineering.Internal.Stadler|Designer
Vladan Mladenovic|mlavla||MDM.Global.Stadler|Designer
Vladan Mladenovic|mlavla||MDM.Global.Stadler|E3 Admin
Phan Phandara|pphandar||ECAD.Engineering.Internal.Stadler|Designer|PA9|phan.phandara@stadlerrail.com|defaultgroup|ECAD.Engineering.Internal.Stadler|licenselevel|author
Eric Hofmann|ehofmann||ECAD.Engineering.Internal.Stadler|Designer|PA9|eric.hofmann@stadlerrail.com |defaultgroup|ECAD.Engineering.Internal.Stadler|licenselevel|author
Juan Miguel Verdet|verjua||MCAD.Engineering.Internal.Stadler|Designer|PA9|juan-miguel.verdet@stadlerrail.com|defaultgroup|MCAD.Engineering.Internal.Stadler|licenselevel|author
Jesus Mazuecos|mazjes||MCAD.Engineering.Internal.Stadler|Designer|PA9|jesus.mazuecos@stadlerrail.com |defaultgroup|MCAD.Engineering.Internal.Stadler|licenselevel|author
Celia Haro|harcel||Manufacturing.Internal.Stadler|Designer|PA9|celia.haro@stadlerrail.com |defaultgroup|Manufacturing.Internal.Stadler|licenselevel|author
Carlos Arruti|arrcar||Manufacturing.Internal.Stadler|Designer|PA9|carlos.arruti@stadlerrail.com |defaultgroup|Manufacturing.Internal.Stadler|licenselevel|author
Adrian Serrano|seradr||Manufacturing.Internal.Stadler|Designer|PA9|adrian.serrano@stadlerrail.com |defaultgroup|Manufacturing.Internal.Stadler|licenselevel|author
Marc Bucher|bucmar||MCAD.Engineering.Internal.Stadler|Designer|PA9|marc.bucher@stadlerrail.com|defaultgroup|MCAD.Engineering.Internal.Stadler|licenselevel|author
Marc Bucher|bucmar||MDM.Global.Stadler|Designer
Michael Stübi|stumic||Manufacturing.Internal.Stadler|Designer|PA9|michael.stuebi@stadlerrail.com|defaultgroup|Manufacturing.Internal.Stadler|licenselevel|author
Frauke Sielaff|siefra||Manufacturing.Internal.Stadler|Designer
Frauke Sielaff|siefra||MDM.Global.Stadler|Designer
Janine Vollborn|jvollbor||Change Management.Global.Stadler|Change Manager|PA9|janine.vollborn@stadlerrail.com|defaultgroup|Change Management.Global.Stadler|licenselevel|author
Oliver Popp|opopp||MCAD.Engineering.Internal.Stadler|Designer|PA9|oliver.popp@stadlerrail.com|defaultgroup|MCAD.Engineering.Internal.Stadler|licenselevel|author
Oliver Popp|opopp||MCAD.Engineering.Internal.Stadler|Reviewer
Oliver Popp|opopp||MCAD.Engineering.Internal.Stadler|Approver
Kariharan Gangatharan|gankah||Manufacturing.Internal.Stadler|Designer|PA9|kariharan.gangatharan@stadlerrail.com |defaultgroup|Manufacturing.Internal.Stadler|licenselevel|author
Raul Albero|albrau||Manufacturing.Internal.Stadler|Designer|PA9|raul.albero@stadlerrail.com|defaultgroup|Manufacturing.Internal.Stadler|licenselevel|author
Sergio Perez|perese||Manufacturing.Internal.Stadler|Designer|PA9|sergio.perez@stadlerrail.com|defaultgroup|Manufacturing.Internal.Stadler|licenselevel|author
Maria Marsilla|marsma||Manufacturing.Internal.Stadler|Designer|PA9|maria.marsilla@stadlerrail.com|defaultgroup|Manufacturing.Internal.Stadler|licenselevel|author
Axel Kessler|kesaxe||MCAD.Engineering.Internal.Stadler|Designer|PA9|axel.kessler@stadlerrail.com|defaultgroup|MCAD.Engineering.Internal.Stadler|licenselevel|author
Axel Kessler|kesaxe||MCAD.Engineering.Internal.Stadler|Reviewer
Axel Kessler|kesaxe||MCAD.Engineering.Internal.Stadler|Approver
Axel Kessler|kesaxe||Adhesive Bonding.Special Processes.Global.Stadler|Reviewer
Axel Kessler|kesaxe||Structural.Special Processes.Global.Stadler|Reviewer
Axel Kessler|kesaxe||Welding.Special Processes.Global.Stadler|Reviewer
Karsten Opel|opekar||MCAD.Engineering.Internal.Stadler|Designer|PA9|karsten.opel@stadlerrail.com |defaultgroup|MCAD.Engineering.Internal.Stadler|licenselevel|author
Karsten Opel|opekar||MCAD.Engineering.Internal.Stadler|Reviewer
Karsten Opel|opekar||MCAD.Engineering.Internal.Stadler|Approver
Karsten Opel|opekar||Adhesive Bonding.Special Processes.Global.Stadler|Reviewer
Karsten Opel|opekar||Structural.Special Processes.Global.Stadler|Reviewer
Karsten Opel|opekar||Welding.Special Processes.Global.Stadler|Reviewer
Steven Massel|masste||MCAD.Engineering.Internal.Stadler|Designer|PA9|steven.massel@stadlerrail.com|defaultgroup|MCAD.Engineering.Internal.Stadler|licenselevel|author
Steven Massel|masste||MCAD.Engineering.Internal.Stadler|Reviewer
Steven Massel|masste||MCAD.Engineering.Internal.Stadler|Approver
Steven Massel|masste||Adhesive Bonding.Special Processes.Global.Stadler|Reviewer
Steven Massel|masste||Structural.Special Processes.Global.Stadler|Reviewer
Steven Massel|masste||Welding.Special Processes.Global.Stadler|Reviewer
Andreas Ebert|eberan||MCAD.Engineering.Internal.Stadler|Designer|PA9|andreas.ebert@stadlerrail.com|defaultgroup|MCAD.Engineering.Internal.Stadler|licenselevel|author
Andreas Ebert|eberan||MCAD.Engineering.Internal.Stadler|Reviewer
Andreas Ebert|eberan||MCAD.Engineering.Internal.Stadler|Approver
Andreas Ebert|eberan||Adhesive Bonding.Special Processes.Global.Stadler|Reviewer
Andreas Ebert|eberan||Structural.Special Processes.Global.Stadler|Reviewer
Andreas Ebert|eberan||Welding.Special Processes.Global.Stadler|Reviewer
Schniewind Raphael|Schrap||Services.Global.Stadler|Designer|PA9|raphael.schniewind@stadlerrail.com|defaultgroup|Services.Global.Stadler|licenselevel|author
Peter Krüger|pkrueger||MCAD.Engineering.Internal.Stadler|Designer|PA9|peter.krueger@stadlerrail.com|defaultgroup|MCAD.Engineering.Internal.Stadler|licenselevel|author
Peter Krüger|pkrueger||MCAD.Engineering.Internal.Stadler|Reviewer
Peter Krüger|pkrueger||MCAD.Engineering.Internal.Stadler|Approver
Peter Krüger|pkrueger||Adhesive Bonding.Special Processes.Global.Stadler|Reviewer
Peter Krüger|pkrueger||Structural.Special Processes.Global.Stadler|Reviewer
Peter Krüger|pkrueger||Welding.Special Processes.Global.Stadler|Reviewer
Thomas Laudeley|laudth||MCAD.Engineering.Internal.Stadler|Designer|PA9|thomas.laudeley@stadlerrail.com|defaultgroup|MCAD.Engineering.Internal.Stadler|licenselevel|author
Thomas Laudeley|laudth||MCAD.Engineering.Internal.Stadler|Reviewer
Thomas Laudeley|laudth||MCAD.Engineering.Internal.Stadler|Approver
Thomas Laudeley|laudth||Adhesive Bonding.Special Processes.Global.Stadler|Reviewer
Thomas Laudeley|laudth||Structural.Special Processes.Global.Stadler|Reviewer
Thomas Laudeley|laudth||Welding.Special Processes.Global.Stadler|Reviewer
Silvia Winterfeld|winsil||Manufacturing.Internal.Stadler|Designer
Ralph Harich|harral||Manufacturing.Internal.Stadler|Designer
Mar Calvache|calvma||Manufacturing.Internal.Stadler|Designer
Frauke Sielaff|siefra||MCAD.Engineering.Internal.Stadler|Designer|PA9||defaultgroup|MCAD.Engineering.Internal.Stadler|licenselevel|author
Frauke Sielaff|siefra||Services.Global.Stadler|Designer
Raju Mutha|mutraj||Manufacturing.Internal.Stadler|Designer|PA9|raju.mutha@stadlerrail.com|defaultgroup|Manufacturing.Internal.Stadler|licenselevel|author
Matthias Ketterer|ketmat||MCAD.Engineering.Internal.Stadler|Designer|PA9|matthias.ketterer@stadlerrail.com|defaultgroup|MCAD.Engineering.Internal.Stadler|licenselevel|author
Matthias Ketterer|ketmat||MCAD.Engineering.Internal.Stadler|Reviewer
Matthias Ketterer|ketmat||MCAD.Engineering.Internal.Stadler|Approver
Matthias Ketterer|ketmat||Welding.Special Processes.Global.Stadler|Reviewer
Matthias Ketterer|ketmat||Structural.Special Processes.Global.Stadler|Reviewer
Matthias Ketterer|ketmat||Adhesive Bonding.Special Processes.Global.Stadler|Reviewer
Frauke Sielaff|siefra||Welding.Special Processes.Global.Stadler|Reviewer
Frauke Sielaff|siefra||Structural.Special Processes.Global.Stadler|Reviewer
Frauke Sielaff|siefra||Adhesive Bonding.Special Processes.Global.Stadler|Reviewer
Andreas Mueller|mueand||MCAD.Engineering.Internal.Stadler|Designer|PA9|andreas.mueller@stadlerrail.com|defaultgroup|MCAD.Engineering.Internal.Stadler|licenselevel|author
Anderas Mueller|mueand||MCAD.Engineering.Internal.Stadler|Reviewer
Andreas Mueller|mueand||MCAD.Engineering.Internal.Stadler|Approver
Bernd Dubrau|bdubrau||MCAD.Engineering.Internal.Stadler|Designer|PA9|bernd.dubrau@stadlerrail.com|defaultgroup|MCAD.Engineering.Internal.Stadler|licenselevel|author
Lutz Wiese|lwiese||MCAD.Engineering.Internal.Stadler|Designer|PA9|lutz.wiese@stadlerrail.com|defaultgroup|MCAD.Engineering.Internal.Stadler|licenselevel|author
Malte Oberkinkhaus|obemal||ECAD.Engineering.Internal.Stadler|Designer|PA9|malte.oberkinkhaus@stadlerrail.com|defaultgroup|ECAD.Engineering.Internal.Stadler|licenselevel|author
Serena Rinaldi|rinser||MCAD.Engineering.Internal.Stadler|Designer|PA9|serena.rinaldi@stadlerrail.com|defaultgroup|MCAD.Engineering.Internal.Stadler|licenselevel|author
Serena Rinaldi|rinser||MDM.Global.Stadler|Designer
Dominic Messerli|mesdom||MCAD.Engineering.Internal.Stadler|Designer|PA9|dominic.messerli@stadlerrail.com|defaultgroup|MCAD.Engineering.Internal.Stadler|licenselevel|author
Dominic Messerli|mesdom||MDM.Global.Stadler|Designer
Markus Wintermantel|wintma||MCAD.Engineering.Internal.Stadler|Designer|PA9|markus.wintermantel@stadlerrail.com|defaultgroup|MCAD.Engineering.Internal.Stadler|licenselevel|author
Markus Wintermantel|wintma||MDM.Global.Stadler|Designer
Christoph Bättig|baetch||MCAD.Engineering.Internal.Stadler|Designer|PA9|christoph.baettig@stadlerrail.com|defaultgroup|MCAD.Engineering.Internal.Stadler|licenselevel|author
Christoph Bättig|baetch||MDM.Global.Stadler|Designer
Timo Schneider|timsch||MCAD.Engineering.Internal.Stadler|Designer|PA9|timo.schneider@stadlerrail.com|defaultgroup|MCAD.Engineering.Internal.Stadler|licenselevel|author
Timo Schneider|timsch||MDM.Global.Stadler|Designer