Andrea Zgraggen|zgrand||TC Admin|TC Admin|PA9|andrea.zgraggen@stadlerrail.com|defaultgroup|TC Admin|licenselevel|author
Andrea Zgraggen|zgrand||MCAD.Engineering.Internal.Stadler|Designer
Christian Betzenbichler|betchr||Manufacturing.Internal.Stadler|Designer|PA9|christian.betzenbichler@stadlerrail.com|defaultgroup|Manufacturing.Internal.Stadler|licenselevel|author
Christof Inauen|inachr||TC Admin|TC Admin|PA9|christof.inauen@stadlerrail.com|defaultgroup|TC Admin|licenselevel|author
Colin Aeschbacher|aescol||Services.Global.Stadler|Designer|PA9|colin.aeschbacher@stadlerrail.com|defaultgroup|Services.Global.Stadler|licenselevel|author
David Wolter|woldav||Manufacturing.Internal.Stadler|Designer|PA9|david.wolter@stadlerrail.com|defaultgroup|Manufacturing.Internal.Stadler|licenselevel|author
Frauke Sielaff|siefra||TC Admin|TC Admin
Frauke Sielaff|siefra||Change Management.Global.Stadler|Change Manager
Guillermo Bruixola|brugui||MCAD.Engineering.Internal.Stadler|Approver|PA9|guillermo.bruixola@stadlerrail.com|defaultgroup|MCAD.Engineering.Internal.Stadler|licenselevel|author
Heiko Schlag|scheik||TC Admin|TC Admin|PA9|heiko.schlag@stadlerrail.com|defaultgroup|TC Admin|licenselevel|author
Jens Mueller|muejes||MCAD.Engineering.Internal.Stadler|Designer|PA9|jens.mueller2@stadlerrail.com|defaultgroup|MCAD.Engineering.Internal.Stadler|licenselevel|author
Jens Mueller|muejes||MCAD.Engineering.Internal.Stadler|Reviewer
Jens Mueller|muejes||MCAD.Engineering.Internal.Stadler|Approver
Karin Lenggenhager|lenkar||TC Admin|TC Admin|PA9|karin.lenggenhager@stadlerrail.com|defaultgroup|TC Admin|licenselevel|author
Karsten Otto|ottkar||MCAD.Engineering.Internal.Stadler|Designer|PA9|karsten.otto@stadlerrail.com|defaultgroup|MCAD.Engineering.Internal.Stadler|licenselevel|author
Karsten Otto|ottkar||MCAD.Engineering.Internal.Stadler|Reviewer
Karsten Otto|ottkar||MCAD.Engineering.Internal.Stadler|Approver
Lionel Reveillere|revlio||TC Admin|TC Admin|PA9|lionel.reveillere@stadlerrail.com|defaultgroup|TC Admin|licenselevel|author
Maid Grbic|grbmai||TC Admin|TC Admin|PA9|maid.grbic@stadlerrail.com|defaultgroup|TC Admin|licenselevel|author
Marc Neumann|neumma||Project Management.Internal.Stadler|Approver|PA9|marc.neumann@stadlerrail.com|defaultgroup|Project Management.Internal.Stadler|licenselevel|author
Marc Neumann|neumma||Change Management.Global.Stadler|Change Manager
Marcus de Nardin|denmar||TC Admin|TC Admin|PA9|marcus.denardin@stadlerrail.com|defaultgroup|TC Admin|licenselevel|author
Markus Widmer|widmar||TC Admin|TC Admin|PA9|markus.widmer@stadlerrail.com|defaultgroup|TC Admin|licenselevel|author
Martin Becker|beckem||TC Admin|TC Admin|PA9|martin.becker@stadlerrail.com|defaultgroup|TC Admin|licenselevel|author
Matthias Scheller|schmat||TC Admin|TC Admin|PA9|matthias.scheller@stadlerrail.com|defaultgroup|TC Admin|licenselevel|author
MCAD Viewer|mcadview||MCAD.Engineering.Internal.Stadler|Consumer|PA9||defaultgroup|MCAD.Engineering.Internal.Stadler|licenselevel|consumer
Michael Pascht|pascmi||TC Admin|TC Admin|PA9|michael.pascht@stadlerrail.com|defaultgroup|TC Admin|licenselevel|author
Nino Stuber|sn||Change Management.Global.Stadler|Change Manager
Olaf Lemcke|lemola||MCAD.Engineering.Internal.Stadler|Designer|PA9|olaf.lemcke@stadlerrail.com|defaultgroup|MCAD.Engineering.Internal.Stadler|licenselevel|author
Olaf Lemcke|lemola||MCAD.Engineering.Internal.Stadler|Reviewer
Olaf Lemcke|lemola||MCAD.Engineering.Internal.Stadler|Approver
Olaf Lemcke|lemola||Change Management.Global.Stadler|Change Manager
Peter Kaatz|kkaatz||Manufacturing.Internal.Stadler|Designer|PA9|klaus-peter.kaatz@stadlerrail.com|defaultgroup|Manufacturing.Internal.Stadler|licenselevel|author
Prashant Gadekar|gadpra||TC Admin|TC Admin|PA9|prashant.gadekar@stadlerrail.com|defaultgroup|TC Admin|licenselevel|author
Rinaldo Wittkopf|witrin||ECAD.Engineering.Internal.Stadler|Designer|PA9|rinaldo.wittkopf@stadlerrail.com|defaultgroup|ECAD.Engineering.Internal.Stadler|licenselevel|author
Rosa Ten|tenros||TC Admin|TC Admin|PA9|rosa.ten@stadlerrail.com|defaultgroup|TC Admin|licenselevel|author
Sara Bregenzer|bresar||TC Admin|TC Admin|PA9|sara.bregenzer@stadlerrail.com|defaultgroup|TC Admin|licenselevel|author
Shahin Rahmanian|rahsha||MCAD.Engineering.Internal.Stadler|Designer|PA9|shahin.rahmanian@stadlerrail.com|defaultgroup|MCAD.Engineering.Internal.Stadler|licenselevel|author
Sophie Rudat|rudsop||MCAD.Engineering.Internal.Stadler|Designer|PA9|sophie.rudat@stadlerrail.com|defaultgroup|MCAD.Engineering.Internal.Stadler|licenselevel|author
Stanley Walker|walsta||TC Admin|TC Admin|PA9|stanley.walker@stadlerrail.com|defaultgroup|TC Admin|licenselevel|author
Stefan Koch|kocste||Services.Global.Stadler|Designer|PA9|stefan.koch@stadlerrail.com|defaultgroup|Services.Global.Stadler|licenselevel|author
Stefanie Egenhofer|egenst||TC Admin|TC Admin|PA9|stefanie.egenhofer@stadlerrail.com|defaultgroup|TC Admin|licenselevel|author
Stephan Huber|hubest||MDM.Global.Stadler|Designer|PA9|stephan.huber@stadlerrail.com|defaultgroup|MDM.Global.Stadler|licenselevel|author
Stephan Huber|hubest||MDM.Global.Stadler|E3 Admin
Thomas Berger|bethom||TC Admin|TC Admin|PA9|thomas.berger@stadlerrail.com|defaultgroup|TC Admin|licenselevel|author
Thomas Hauschild|hauthm||MCAD.Engineering.Internal.Stadler|Designer|PA9|thomas.hauschild@stadlerrail.com|defaultgroup|MCAD.Engineering.Internal.Stadler|licenselevel|author
Thomas Hauschild|hauthm||MCAD.Engineering.Internal.Stadler|Reviewer
Thomas Hauschild|hauthm||MCAD.Engineering.Internal.Stadler|Approver
Thomas Hauschild|hauthm||Change Management.Global.Stadler|Change Manager
Thomas Weissenberger|weitho||TC Admin|TC Admin|PA9|thomas.weissenberger@stadlerrail.com|defaultgroup|TC Admin|licenselevel|author
Tina Weissenborn|tweissen||MCAD.Engineering.Internal.Stadler|Designer|PA9|tina.weissenborn@stadlerrail.com|defaultgroup|MCAD.Engineering.Internal.Stadler|licenselevel|author
Tina Weissenborn|tweissen||MCAD.Engineering.Internal.Stadler|Reviewer
Tina Weissenborn|tweissen||MCAD.Engineering.Internal.Stadler|Approver
Vladan Mladenovic|mlavla||TC Admin|TC Admin|PA9|vladan.mladenovic@stadlerrail.com|defaultgroup|TC Admin|licenselevel|author
Vladan Mladenovic|mlavla||ECAD.Engineering.Internal.Stadler|Designer
Vladan Mladenovic|mlavla||MDM.Global.Stadler|Designer
Vladan Mladenovic|mlavla||MDM.Global.Stadler|E3 Admin
Phan Phandara|pphandar||ECAD.Engineering.Internal.Stadler|Designer|PA9|phan.phandara@stadlerrail.com|defaultgroup|ECAD.Engineering.Internal.Stadler|licenselevel|author
Eric Hofmann|ehofmann||ECAD.Engineering.Internal.Stadler|Designer|PA9|eric.hofmann@stadlerrail.com |defaultgroup|ECAD.Engineering.Internal.Stadler|licenselevel|author
Marc Bucher|bucmar||MCAD.Engineering.Internal.Stadler|Designer|PA9|marc.bucher@stadlerrail.com|defaultgroup|MCAD.Engineering.Internal.Stadler|licenselevel|author
Marc Bucher|bucmar||MDM.Global.Stadler|Designer
Michael Stübi|stumic||Manufacturing.Internal.Stadler|Designer|PA9|michael.stuebi@stadlerrail.com|defaultgroup|Manufacturing.Internal.Stadler|licenselevel|author
Frauke Sielaff|siefra||Manufacturing.Internal.Stadler|Designer
Frauke Sielaff|siefra||MDM.Global.Stadler|Designer
Axel Kessler|kesaxe||MCAD.Engineering.Internal.Stadler|Designer|PA9|axel.kessler@stadlerrail.com|defaultgroup|MCAD.Engineering.Internal.Stadler|licenselevel|author
Axel Kessler|kesaxe||MCAD.Engineering.Internal.Stadler|Reviewer
Axel Kessler|kesaxe||MCAD.Engineering.Internal.Stadler|Approver
Axel Kessler|kesaxe||Adhesive Bonding.Special Processes.Global.Stadler|Reviewer
Axel Kessler|kesaxe||Structural.Special Processes.Global.Stadler|Reviewer
Axel Kessler|kesaxe||Welding.Special Processes.Global.Stadler|Reviewer
Karsten Opel|opekar||MCAD.Engineering.Internal.Stadler|Designer|PA9|karsten.opel@stadlerrail.com |defaultgroup|MCAD.Engineering.Internal.Stadler|licenselevel|author
Karsten Opel|opekar||MCAD.Engineering.Internal.Stadler|Reviewer
Karsten Opel|opekar||MCAD.Engineering.Internal.Stadler|Approver
Karsten Opel|opekar||Adhesive Bonding.Special Processes.Global.Stadler|Reviewer
Karsten Opel|opekar||Structural.Special Processes.Global.Stadler|Reviewer
Karsten Opel|opekar||Welding.Special Processes.Global.Stadler|Reviewer
Steven Massel|masste||MCAD.Engineering.Internal.Stadler|Designer|PA9|steven.massel@stadlerrail.com|defaultgroup|MCAD.Engineering.Internal.Stadler|licenselevel|author
Steven Massel|masste||MCAD.Engineering.Internal.Stadler|Reviewer
Steven Massel|masste||MCAD.Engineering.Internal.Stadler|Approver
Steven Massel|masste||Adhesive Bonding.Special Processes.Global.Stadler|Reviewer
Steven Massel|masste||Structural.Special Processes.Global.Stadler|Reviewer
Steven Massel|masste||Welding.Special Processes.Global.Stadler|Reviewer
Andreas Ebert|eberan||MCAD.Engineering.Internal.Stadler|Designer|PA9|andreas.ebert@stadlerrail.com|defaultgroup|MCAD.Engineering.Internal.Stadler|licenselevel|author
Andreas Ebert|eberan||MCAD.Engineering.Internal.Stadler|Reviewer
Andreas Ebert|eberan||MCAD.Engineering.Internal.Stadler|Approver
Andreas Ebert|eberan||Adhesive Bonding.Special Processes.Global.Stadler|Reviewer
Andreas Ebert|eberan||Structural.Special Processes.Global.Stadler|Reviewer
Andreas Ebert|eberan||Welding.Special Processes.Global.Stadler|Reviewer
Frauke Sielaff|siefra||MCAD.Engineering.Internal.Stadler|Designer|PA9||defaultgroup|MCAD.Engineering.Internal.Stadler|licenselevel|author
Frauke Sielaff|siefra||Services.Global.Stadler|Designer
Raju Mutha|mutraj||Manufacturing.Internal.Stadler|Designer|PA9|raju.mutha@stadlerrail.com|defaultgroup|Manufacturing.Internal.Stadler|licenselevel|author
Matthias Ketterer|ketmat||MCAD.Engineering.Internal.Stadler|Designer|PA9|matthias.ketterer@stadlerrail.com|defaultgroup|MCAD.Engineering.Internal.Stadler|licenselevel|author
Matthias Ketterer|ketmat||MCAD.Engineering.Internal.Stadler|Reviewer
Matthias Ketterer|ketmat||MCAD.Engineering.Internal.Stadler|Approver
Matthias Ketterer|ketmat||Welding.Special Processes.Global.Stadler|Reviewer
Matthias Ketterer|ketmat||Structural.Special Processes.Global.Stadler|Reviewer
Matthias Ketterer|ketmat||Adhesive Bonding.Special Processes.Global.Stadler|Reviewer
Frauke Sielaff|siefra||Welding.Special Processes.Global.Stadler|Reviewer
Frauke Sielaff|siefra||Structural.Special Processes.Global.Stadler|Reviewer
Frauke Sielaff|siefra||Adhesive Bonding.Special Processes.Global.Stadler|Reviewer
Malte Oberkinkhaus|obemal||ECAD.Engineering.Internal.Stadler|Designer|PA9|malte.oberkinkhaus@stadlerrail.com|defaultgroup|ECAD.Engineering.Internal.Stadler|licenselevel|author
Serena Rinaldi|rinser||MCAD.Engineering.Internal.Stadler|Designer|PA9|serena.rinaldi@stadlerrail.com|defaultgroup|MCAD.Engineering.Internal.Stadler|licenselevel|author
Serena Rinaldi|rinser||MDM.Global.Stadler|Designer
Dominic Messerli|mesdom||MCAD.Engineering.Internal.Stadler|Designer|PA9|dominic.messerli@stadlerrail.com|defaultgroup|MCAD.Engineering.Internal.Stadler|licenselevel|author
Dominic Messerli|mesdom||MDM.Global.Stadler|Designer
Markus Wintermantel|wintma||MCAD.Engineering.Internal.Stadler|Designer|PA9|markus.wintermantel@stadlerrail.com|defaultgroup|MCAD.Engineering.Internal.Stadler|licenselevel|author
Markus Wintermantel|wintma||MDM.Global.Stadler|Designer
Christoph Bättig|baetch||MCAD.Engineering.Internal.Stadler|Designer|PA9|christoph.baettig@stadlerrail.com|defaultgroup|MCAD.Engineering.Internal.Stadler|licenselevel|author
Christoph Bättig|baetch||MDM.Global.Stadler|Designer
Timo Schneider|timsch||MCAD.Engineering.Internal.Stadler|Designer|PA9|timo.schneider@stadlerrail.com|defaultgroup|MCAD.Engineering.Internal.Stadler|licenselevel|author
Timo Schneider|timsch||MDM.Global.Stadler|Designer